// Jest Snapshot v1, https://goo.gl/fbAQLP

exports[`PayPalCommerceCreditPaymentMethod renders component with provided props 1`] = `<div />`;
