// Jest Snapshot v1, https://goo.gl/fbAQLP

exports[`PayPalCommerceVenmoPaymentMethod renders component with provided props 1`] = `<div />`;
