// Jest Snapshot v1, https://goo.gl/fbAQLP

exports[`SpamProtectionField renders spam protection field 1`] = `
<div
  class="spamProtection-container"
>
  <div
    class="loadingOverlay-container"
  />
</div>
`;
