// Jest Snapshot v1, https://goo.gl/fbAQLP

exports[`when using Adyen V2 payment matches snapshot 1`] = `
Object {
  "asFragment": [Function],
  "baseElement": <body>
    <div>
      <div>
        <div>
          <div
            class="paymentMethod--hosted"
          >
            <div
              class="widget widget--scheme payment-widget"
              id="adyen-scheme-component-field"
              tabindex="-1"
            />
          </div>
        </div>
        <div
          id="adyen-scheme-additional-action-component-field"
          style="display: none;"
        />
      </div>
    </div>
    <div
      class="ReactModalPortal"
    />
    <div>
      <div>
        <div>
          <div
            class="paymentMethod--hosted"
          >
            <div
              class="widget widget--scheme payment-widget"
              id="adyen-scheme-component-field"
              tabindex="-1"
            />
          </div>
        </div>
        <div
          id="adyen-scheme-additional-action-component-field"
          style="display: none;"
        />
      </div>
    </div>
    <div
      class="ReactModalPortal"
    />
  </body>,
  "container": <div>
    <div>
      <div>
        <div
          class="paymentMethod--hosted"
        >
          <div
            class="widget widget--scheme payment-widget"
            id="adyen-scheme-component-field"
            tabindex="-1"
          />
        </div>
      </div>
      <div
        id="adyen-scheme-additional-action-component-field"
        style="display: none;"
      />
    </div>
  </div>,
  "debug": [Function],
  "findAllByAltText": [Function],
  "findAllByDisplayValue": [Function],
  "findAllByLabelText": [Function],
  "findAllByPlaceholderText": [Function],
  "findAllByRole": [Function],
  "findAllByTestId": [Function],
  "findAllByText": [Function],
  "findAllByTitle": [Function],
  "findByAltText": [Function],
  "findByDisplayValue": [Function],
  "findByLabelText": [Function],
  "findByPlaceholderText": [Function],
  "findByRole": [Function],
  "findByTestId": [Function],
  "findByText": [Function],
  "findByTitle": [Function],
  "getAllByAltText": [Function],
  "getAllByDisplayValue": [Function],
  "getAllByLabelText": [Function],
  "getAllByPlaceholderText": [Function],
  "getAllByRole": [Function],
  "getAllByTestId": [Function],
  "getAllByText": [Function],
  "getAllByTitle": [Function],
  "getByAltText": [Function],
  "getByDisplayValue": [Function],
  "getByLabelText": [Function],
  "getByPlaceholderText": [Function],
  "getByRole": [Function],
  "getByTestId": [Function],
  "getByText": [Function],
  "getByTitle": [Function],
  "queryAllByAltText": [Function],
  "queryAllByDisplayValue": [Function],
  "queryAllByLabelText": [Function],
  "queryAllByPlaceholderText": [Function],
  "queryAllByRole": [Function],
  "queryAllByTestId": [Function],
  "queryAllByText": [Function],
  "queryAllByTitle": [Function],
  "queryByAltText": [Function],
  "queryByDisplayValue": [Function],
  "queryByLabelText": [Function],
  "queryByPlaceholderText": [Function],
  "queryByRole": [Function],
  "queryByTestId": [Function],
  "queryByText": [Function],
  "queryByTitle": [Function],
  "rerender": [Function],
  "unmount": [Function],
}
`;
