// Jest Snapshot v1, https://goo.gl/fbAQLP

exports[`SignOutLink renders output that matches snapshot 1`] = `
<div
  class="signout-link"
>
   
  <a
    href="#"
  >
    Sign out of Authorizenet
  </a>
   to view other payment methods
</div>
`;
