// Jest Snapshot v1, https://goo.gl/fbAQLP

exports[`OrderSummaryModal renders order summary 1`] = `
<Modal
  additionalBodyClassName="cart-modal-body optimizedCheckout-orderSummary"
  additionalHeaderClassName="cart-modal-header optimizedCheckout-orderSummary"
  header={
    <React.Fragment>
      <a
        className="cart-modal-close"
        href="#"
        onClick={[Function]}
      >
        <span
          className="is-srOnly"
        >
          <WithLanguage(TranslatedString)
            id="common.close_action"
          />
        </span>
        <Memo />
      </a>
      <ModalHeader
        additionalClassName="cart-modal-title"
      >
        <WithLanguage(TranslatedString)
          id="cart.cart_heading"
        />
      </ModalHeader>
    </React.Fragment>
  }
  isOpen={true}
>
  <OrderSummarySection>
    <OrderSummaryItems
      items={
        Object {
          "customItems": Array [],
          "digitalItems": Array [],
          "giftCertificates": Array [
            Object {
              "amount": 100,
              "id": "bd391ead-8c58-4105-b00e-d75d233b429a",
              "message": "message",
              "name": "$100 Gift Certificate",
              "recipient": Object {
                "email": "lu@is.com",
                "name": "luis",
              },
              "sender": Object {
                "email": "pa@blo.com",
                "name": "pablo",
              },
              "taxable": false,
              "theme": "General",
            },
          ],
          "physicalItems": Array [
            Object {
              "addedByPromotion": false,
              "brand": "OFS",
              "categoryNames": Array [
                "Cat 1",
              ],
              "comparisonPrice": 200,
              "couponAmount": 0,
              "discountAmount": 0,
              "discounts": Array [],
              "extendedComparisonPrice": 250,
              "extendedListPrice": 200,
              "extendedSalePrice": 200,
              "id": "666",
              "imageUrl": "/images/canvas-laundry-cart.jpg",
              "isShippingRequired": true,
              "isTaxable": true,
              "listPrice": 200,
              "name": "Canvas Laundry Cart",
              "options": Array [
                Object {
                  "name": "n",
                  "nameId": 1,
                  "value": "v",
                  "valueId": 3,
                },
              ],
              "productId": 103,
              "quantity": 1,
              "salePrice": 200,
              "sku": "CLC",
              "url": "/canvas-laundry-cart/",
              "variantId": 71,
            },
          ],
        }
      }
    />
  </OrderSummarySection>
  <OrderSummarySection>
    <Memo(OrderSummarySubtotals)
      coupons={
        Array [
          Object {
            "code": "savebig2015",
            "couponType": "percentage_discount",
            "discountedAmount": 5,
            "displayName": "20% off each item",
            "id": "1",
          },
          Object {
            "code": "279F507D817E3E7",
            "couponType": "shipping_discount",
            "discountedAmount": 5,
            "displayName": "$5.00 off the shipping total",
            "id": "4",
          },
        ]
      }
      discountAmount={10}
      giftCertificates={
        Array [
          Object {
            "balance": 10,
            "code": "gc",
            "purchaseDate": "",
            "remaining": 3,
            "used": 7,
          },
        ]
      }
      giftWrappingAmount={0}
      handlingAmount={8}
      shippingAmount={20}
      storeCreditAmount={0}
      subtotalAmount={200}
      taxes={
        Array [
          Object {
            "amount": 3,
            "name": "Tax",
          },
        ]
      }
    />
    foo
  </OrderSummarySection>
  <OrderSummarySection>
    <WithCurrency(OrderSummaryTotal)
      orderAmount={190}
      shopperCurrencyCode="USD"
      storeCurrencyCode="USD"
    />
  </OrderSummarySection>
</Modal>
`;
