// Jest Snapshot v1, https://goo.gl/fbAQLP

exports[`OrderSummaryItems when amount and amountAfterDiscount are different renders component 1`] = `
<div
  className="product"
  data-test="cart-item"
>
  <figure
    className="product-column product-figure"
  >
    <img />
  </figure>
  <div
    className="product-column product-body"
  >
    <h5
      className="product-title optimizedCheckout-contentPrimary"
      data-test="cart-item-product-title"
    >
      2 x Product
    </h5>
    <ul
      className="product-options optimizedCheckout-contentSecondary"
      data-test="cart-item-product-options"
    >
      <li
        className="product-option"
        data-test="test-id"
        key="0"
      >
        <span />
      </li>
    </ul>
  </div>
  <div
    className="product-column product-actions"
  >
    <div
      className="product-price optimizedCheckout-contentPrimary product-price--beforeDiscount"
      data-test="cart-item-product-price"
    >
      <WithCurrency(ShopperCurrency)
        amount={10}
      />
    </div>
    <div
      className="product-price"
      data-test="cart-item-product-price--afterDiscount"
    >
      <WithCurrency(ShopperCurrency)
        amount={8}
      />
    </div>
  </div>
</div>
`;
