// Jest Snapshot v1, https://goo.gl/fbAQLP

exports[`when using SquareV2PaymentMethod should render dummy form fields 1`] = `
<div
  data-test="squarev2_dummy_form"
  style={
    Object {
      "display": "none",
    }
  }
>
  <div
    className="form-field"
  >
    <div
      className="form-label optimizedCheckout-form-label"
      id="messageIsDefault"
    />
    <div
      className="form-input optimizedCheckout-form-input"
      id="inputIsDefault"
    />
  </div>
  <div
    className="form-field"
  >
    <div
      className="form-input optimizedCheckout-form-input form-input--focus optimizedCheckout-form-input--focus"
      id="inputIsFocus"
    />
  </div>
  <div
    className="form-field form-field--error"
  >
    <div
      className="form-inlineMessage"
      id="messageIsError"
    />
    <div
      className="form-input optimizedCheckout-form-input"
      id="inputIsError"
    />
  </div>
</div>
`;
