// Jest Snapshot v1, https://goo.gl/fbAQLP

exports[`BraintreeAcceleratedCheckoutInstrumentSelect renders instrument select 1`] = `
Object {
  "asFragment": [Function],
  "baseElement": <body>
    <div>
      <div
        class="instrumentSelect"
        data-test="instrument-select"
      >
        <div
          class="dropdownTrigger"
        >
          <button
            class="instrumentSelect-button optimizedCheckout-form-select dropdown-button form-input"
            data-test="instrument-select-button"
            type="button"
          >
            <div
              class="instrumentSelect-details"
            >
              <div
                class="cardIcon-icon cardIcon-icon--default icon icon--medium"
              />
              <div
                class="instrumentSelect-card"
                data-test="instrument-select-button-last4"
              >
                Card ending in 4321
              </div>
              <div
                class="instrumentSelect-expiry"
                data-test="instrument-select-button-expiry"
              >
                Expires 02/2025
              </div>
              <div
                class="instrument-powered-by-icon"
              >
                <div
                  class="icon"
                >
                  <svg
                    height="24px"
                    viewBox="0 0 24 24"
                    width="24px"
                    xmlns="http://www.w3.org/2000/svg"
                  >
                    <circle
                      cx="12"
                      cy="12"
                      fill="#F1F1F1"
                      r="12"
                    />
                    <g>
                      <g>
                        <path
                          d="M8.6,12.9V9.5H7.3c-0.8,0-1.4,0.7-1.4,1.6v4.7c0,0.9,0.6,1.6,1.4,1.6h6.6c0.8,0,1.4-0.7,1.4-1.6v-1.3h-5.3
                    C9.3,14.5,8.6,13.8,8.6,12.9z"
                          fill="#313131"
                        />
                        <path
                          d="M16.7,6.5h-6.6c-0.8,0-1.4,0.7-1.4,1.6v1.3h5.3c0.8,0,1.4,0.7,1.4,1.6v3.4h1.3c0.8,0,1.4-0.7,1.4-1.6V8.2
                    C18.1,7.2,17.5,6.5,16.7,6.5z"
                          fill="#5B5B5B"
                        />
                      </g>
                      <path
                        d="M13.9,9.5H8.6v3.4c0,0.9,0.6,1.6,1.4,1.6h5.3v-3.4C15.4,10.2,14.7,9.5,13.9,9.5z"
                        fill="#DBDBDB"
                      />
                    </g>
                  </svg>
                </div>
              </div>
            </div>
          </button>
          <input
            name="instrumentId"
            type="hidden"
            value=""
          />
        </div>
        <div
          data-test="powered-by-paypal-connect-label"
        >
          PoweredByPaypalConnectLabel
        </div>
      </div>
    </div>
  </body>,
  "container": <div>
    <div
      class="instrumentSelect"
      data-test="instrument-select"
    >
      <div
        class="dropdownTrigger"
      >
        <button
          class="instrumentSelect-button optimizedCheckout-form-select dropdown-button form-input"
          data-test="instrument-select-button"
          type="button"
        >
          <div
            class="instrumentSelect-details"
          >
            <div
              class="cardIcon-icon cardIcon-icon--default icon icon--medium"
            />
            <div
              class="instrumentSelect-card"
              data-test="instrument-select-button-last4"
            >
              Card ending in 4321
            </div>
            <div
              class="instrumentSelect-expiry"
              data-test="instrument-select-button-expiry"
            >
              Expires 02/2025
            </div>
            <div
              class="instrument-powered-by-icon"
            >
              <div
                class="icon"
              >
                <svg
                  height="24px"
                  viewBox="0 0 24 24"
                  width="24px"
                  xmlns="http://www.w3.org/2000/svg"
                >
                  <circle
                    cx="12"
                    cy="12"
                    fill="#F1F1F1"
                    r="12"
                  />
                  <g>
                    <g>
                      <path
                        d="M8.6,12.9V9.5H7.3c-0.8,0-1.4,0.7-1.4,1.6v4.7c0,0.9,0.6,1.6,1.4,1.6h6.6c0.8,0,1.4-0.7,1.4-1.6v-1.3h-5.3
                    C9.3,14.5,8.6,13.8,8.6,12.9z"
                        fill="#313131"
                      />
                      <path
                        d="M16.7,6.5h-6.6c-0.8,0-1.4,0.7-1.4,1.6v1.3h5.3c0.8,0,1.4,0.7,1.4,1.6v3.4h1.3c0.8,0,1.4-0.7,1.4-1.6V8.2
                    C18.1,7.2,17.5,6.5,16.7,6.5z"
                        fill="#5B5B5B"
                      />
                    </g>
                    <path
                      d="M13.9,9.5H8.6v3.4c0,0.9,0.6,1.6,1.4,1.6h5.3v-3.4C15.4,10.2,14.7,9.5,13.9,9.5z"
                      fill="#DBDBDB"
                    />
                  </g>
                </svg>
              </div>
            </div>
          </div>
        </button>
        <input
          name="instrumentId"
          type="hidden"
          value=""
        />
      </div>
      <div
        data-test="powered-by-paypal-connect-label"
      >
        PoweredByPaypalConnectLabel
      </div>
    </div>
  </div>,
  "debug": [Function],
  "findAllByAltText": [Function],
  "findAllByDisplayValue": [Function],
  "findAllByLabelText": [Function],
  "findAllByPlaceholderText": [Function],
  "findAllByRole": [Function],
  "findAllByTestId": [Function],
  "findAllByText": [Function],
  "findAllByTitle": [Function],
  "findByAltText": [Function],
  "findByDisplayValue": [Function],
  "findByLabelText": [Function],
  "findByPlaceholderText": [Function],
  "findByRole": [Function],
  "findByTestId": [Function],
  "findByText": [Function],
  "findByTitle": [Function],
  "getAllByAltText": [Function],
  "getAllByDisplayValue": [Function],
  "getAllByLabelText": [Function],
  "getAllByPlaceholderText": [Function],
  "getAllByRole": [Function],
  "getAllByTestId": [Function],
  "getAllByText": [Function],
  "getAllByTitle": [Function],
  "getByAltText": [Function],
  "getByDisplayValue": [Function],
  "getByLabelText": [Function],
  "getByPlaceholderText": [Function],
  "getByRole": [Function],
  "getByTestId": [Function],
  "getByText": [Function],
  "getByTitle": [Function],
  "queryAllByAltText": [Function],
  "queryAllByDisplayValue": [Function],
  "queryAllByLabelText": [Function],
  "queryAllByPlaceholderText": [Function],
  "queryAllByRole": [Function],
  "queryAllByTestId": [Function],
  "queryAllByText": [Function],
  "queryAllByTitle": [Function],
  "queryByAltText": [Function],
  "queryByDisplayValue": [Function],
  "queryByLabelText": [Function],
  "queryByPlaceholderText": [Function],
  "queryByRole": [Function],
  "queryByTestId": [Function],
  "queryByText": [Function],
  "queryByTitle": [Function],
  "rerender": [Function],
  "unmount": [Function],
}
`;
