// Jest Snapshot v1, https://goo.gl/fbAQLP

exports[`ShopperCurrency Component renders formatted amount in shopper currency 1`] = `"$11.20"`;
