// Jest Snapshot v1, https://goo.gl/fbAQLP

exports[`CheckoutButtonList matches snapshot 1`] = `
Array [
  <p>
    Or continue with
  </p>,
  <div
    class="checkoutRemote"
  >
    <div
      id="amazonCheckoutButton"
    />
    <div
      id="braintreevisacheckoutCheckoutButton"
    />
  </div>,
]
`;
