// Jest Snapshot v1, https://goo.gl/fbAQLP

exports[`StripeGuestForm matches snapshot 1`] = `
Array [
  <div
    class="checkout-form"
  >
    <div
      class="loadingSpinner loadingOverlay-container"
      style="height:100px"
    >
      <div
        class="loadingOverlay optimizedCheckout-overlay"
      />
    </div>
    <div
      style="display:none"
    >
      <fieldset
        class="form-fieldset"
      >
        <legend
          class="form-legend is-srOnly"
        />
        <div
          class="form-body"
        >
          <div
            class="customerEmail-container"
          >
            <div
              class="customerEmail-body"
            >
              <div
                id="stripeupeLink"
              />
              <br />
              <div
                class="form-field"
              >
                <input
                  class="form-checkbox"
                  id="shouldSubscribe"
                  name="shouldSubscribe"
                  type="checkbox"
                  value="false"
                />
                <label
                  class="form-label optimizedCheckout-form-label"
                  for="shouldSubscribe"
                />
              </div>
            </div>
            <div
              class="form-actions customerEmail-action"
            >
              <button
                class="button stripeCustomerEmail-button button--primary optimizedCheckout-buttonPrimary"
                data-test="stripe-customer-continue-as-guest-button"
                disabled=""
                id="stripe-checkout-customer-continue"
                type="submit"
              />
            </div>
          </div>
          <p>
             
            <a
              data-test="customer-continue-button"
              id="checkout-customer-login"
            />
          </p>
        </div>
      </fieldset>
    </div>
  </div>,
  <div
    class="optimizedCheckout-form-input"
    id="stripe-card-component-field--input"
    placeholder="1111"
  >
    <div
      class="form-field--error"
    >
      <div
        class="optimizedCheckout-form-label"
        id="stripe-card-component-field--error"
      />
    </div>
    <div
      class="optimizedCheckout-form-label"
      id="stripe-card-component-field--label"
    />
  </div>,
]
`;
