// Jest Snapshot v1, https://goo.gl/fbAQLP

exports[`ManageCardInstrumentsTable matches snapshot with rendered output 1`] = `
<div
  class="loadingOverlay-container"
>
  <table
    class="table"
  >
    <thead
      class="table-thead"
    >
      <tr>
        <th>
          Payment method
        </th>
        <th>
          Ending in
        </th>
        <th>
          Expiry date
        </th>
        <th />
      </tr>
    </thead>
    <tbody
      class="table-tbody"
    >
      <tr>
        <td
          data-test="manage-instrument-cardType"
        >
          <div
            class="icon cardIcon-icon icon--medium"
            data-test="credit-card-icon-visa"
          >
            <svg
              aria-labelledby="iconCardVisaTitle"
              fill="none"
              height="24"
              viewBox="0 0 35 24"
              width="35"
              xmlns="http://www.w3.org/2000/svg"
            >
              <title
                id="iconCardVisaTitle"
              >
                Visa
              </title>
              <rect
                fill="white"
                height="23"
                rx="3.5"
                stroke="#D9D9D9"
                width="34"
                x="0.5"
                y="0.5"
              />
              <path
                clip-rule="evenodd"
                d="M10.6253 16.2582H8.50494L6.91495 10.1924C6.83949 9.91334 6.67925 9.66667 6.44354 9.5504C5.85531 9.25823 5.20712 9.0257 4.5 8.90843V8.6749H7.91567C8.38708 8.6749 8.74064 9.0257 8.79957 9.43313L9.62454 13.8086L11.7438 8.6749H13.8052L10.6253 16.2582ZM14.9838 16.2582H12.9813L14.6302 8.6749H16.6327L14.9838 16.2582ZM19.2234 10.7757C19.2823 10.3673 19.6359 10.1337 20.0483 10.1337C20.6965 10.0751 21.4026 10.1924 21.9919 10.4835L22.3454 8.85081C21.7562 8.61727 21.108 8.5 20.5198 8.5C18.5762 8.5 17.162 9.55041 17.162 11.0082C17.162 12.1173 18.1637 12.6996 18.8708 13.0504C19.6359 13.4002 19.9305 13.6338 19.8716 13.9835C19.8716 14.5082 19.2823 14.7418 18.6941 14.7418C17.9869 14.7418 17.2798 14.5669 16.6327 14.2747L16.2791 15.9085C16.9862 16.1996 17.7512 16.3169 18.4584 16.3169C20.6376 16.3745 21.9919 15.3251 21.9919 13.75C21.9919 11.7665 19.2234 11.6502 19.2234 10.7757ZM29 16.2582L27.41 8.6749H25.7022C25.3486 8.6749 24.9951 8.90843 24.8772 9.25823L21.9329 16.2582H23.9943L24.4058 15.1502H26.9386L27.1743 16.2582H29ZM25.9968 10.7171L26.585 13.5751H24.9361L25.9968 10.7171Z"
                fill="#172B85"
                fill-rule="evenodd"
              />
            </svg>
          </div>
          <span
            class="instrumentModal-instrumentCardType"
          >
            Visa
          </span>
        </td>
        <td
          data-test="manage-instrument-last4"
        >
          4321
        </td>
        <td
          class=""
          data-test="manage-instrument-expiry"
        >
          02/2025
        </td>
        <td>
          <button
            class="button button--tiny table-actionButton optimizedCheckout-buttonSecondary"
            data-test="manage-instrument-delete-button"
            type="button"
          >
            Delete
          </button>
        </td>
      </tr>
      <tr>
        <td
          data-test="manage-instrument-cardType"
        >
          <div
            class="icon cardIcon-icon icon--medium"
            data-test="credit-card-icon-american-express"
          >
            <svg
              aria-labelledby="iconCardAmexTitle"
              fill="none"
              height="48"
              viewBox="0 0 70 48"
              width="70"
              xmlns="http://www.w3.org/2000/svg"
            >
              <title
                id="iconCardAmexTitle"
              >
                Amex
              </title>
              <rect
                fill="#016FD0"
                height="48"
                rx="6"
                width="70"
              />
              <path
                clip-rule="evenodd"
                d="M53.1015 24.9034V27.6989H45.9804V29.642H52.9307V32.4375H45.9804V34.3466H53.1015V37.1761L58.8734 31.0398L53.1015 24.9034ZM51.223 14.4375L48.8322 9H42.0015L35 24.8864H40.6866V38.983L58.2416 39L60.991 35.9318L63.7745 39H69V34.517L65.7212 31.0057L69 27.5114V23.0966L65.7042 23.1136V14.625L62.6133 23.1136H59.6077L56.4314 14.5909V23.1136H49.2592L48.2346 20.625H42.5992L41.5746 23.1136H37.7835L43.2993 10.7216V10.7045H47.6539L53.1015 22.9943V10.7045L58.3953 10.7216L61.1276 18.3409L63.894 10.7045H69V9H62.562L61.1105 13.0739L59.659 9H51.223V14.4375ZM42.5821 24.8523V37.2443H53.1015V37.2273H57.439L61.0251 33.2727L64.6454 37.2273H69V37.0568L63.2963 31.0398L69 24.9375V24.8523H64.6966L61.1105 28.7727L57.5585 24.8523H42.5821ZM43.7775 17.8466L45.4169 13.9091L47.0733 17.8466H43.7775Z"
                fill="white"
                fill-rule="evenodd"
              />
              <rect
                height="47"
                rx="5.5"
                stroke="#D9D9D9"
                width="69"
                x="0.5"
                y="0.5"
              />
            </svg>
          </div>
          <span
            class="instrumentModal-instrumentCardType"
          >
            American Express
          </span>
        </td>
        <td
          data-test="manage-instrument-last4"
        >
          4444
        </td>
        <td
          class=""
          data-test="manage-instrument-expiry"
        >
          10/2024
        </td>
        <td>
          <button
            class="button button--tiny table-actionButton optimizedCheckout-buttonSecondary"
            data-test="manage-instrument-delete-button"
            type="button"
          >
            Delete
          </button>
        </td>
      </tr>
    </tbody>
  </table>
</div>
`;
