// Jest Snapshot v1, https://goo.gl/fbAQLP

exports[`Label matches snapshot 1`] = `
<label
  className="form-label optimizedCheckout-form-label"
>
  Hello world
</label>
`;
