// Jest Snapshot v1, https://goo.gl/fbAQLP

exports[`GoogleAutocomplete Component renders input with initial value 1`] = `
<div
  aria-expanded="false"
  aria-haspopup="listbox"
  aria-labelledby="downshift-0-label"
  role="combobox"
>
  <input
    aria-autocomplete="list"
    aria-labelledby="downshift-0-label"
    autocomplete="off"
    id="downshift-0-input"
    placeholder="NO PO BOX"
    value="fo"
  />
</div>
`;
